src/benchmarks/dashboard-widgets.bench.ts(13,29): error TS2307: Cannot find module '@/modules/dashboard/presentation/components/TaskStatsWidget.vue' or its corresponding type declarations.
src/benchmarks/dashboard-widgets.bench.ts(14,29): error TS2307: Cannot find module '@/modules/dashboard/presentation/components/GoalStatsWidget.vue' or its corresponding type declarations.
src/benchmarks/dashboard-widgets.bench.ts(15,33): error TS2307: Cannot find module '@/modules/dashboard/presentation/components/ReminderStatsWidget.vue' or its corresponding type declarations.
src/benchmarks/dashboard-widgets.bench.ts(16,33): error TS2307: Cannot find module '@/modules/dashboard/presentation/components/ScheduleStatsWidget.vue' or its corresponding type declarations.
src/benchmarks/dashboard-widgets.bench.ts(377,5): error TS2345: Argument of type '() => number' is not assignable to parameter of type 'BenchFunction'.
  Type 'number' is not assignable to type 'void | Promise<void>'.
src/benchmarks/dashboard-widgets.bench.ts(391,5): error TS2345: Argument of type '() => { id: string; visible: boolean; }[]' is not assignable to parameter of type 'BenchFunction'.
  Type '{ id: string; visible: boolean; }[]' is not assignable to type 'void | Promise<void>'.
src/benchmarks/dashboard-widgets.bench.ts(410,5): error TS2345: Argument of type '() => { id: string; order: number; }[]' is not assignable to parameter of type 'BenchFunction'.
  Type '{ id: string; order: number; }[]' is not assignable to type 'void | Promise<void>'.
src/components/AssetsDemo.vue(295,9): error TS2353: Object literal may only specify known properties, and 'interval' does not exist in type 'RecurrenceConfigServerDTO'.
src/components/AssetsDemo.vue(302,7): error TS2322: Type 'null' is not assignable to type 'ActiveHoursConfigServerDTO | undefined'.
src/components/AssetsDemo.vue(307,9): error TS2322: Type 'string' is not assignable to type 'SoundConfig'.
src/components/AssetsDemo.vue(313,7): error TS2322: Type 'null' is not assignable to type 'string | undefined'.
src/components/AssetsDemo.vue(314,7): error TS2322: Type 'null' is not assignable to type 'string | undefined'.
src/components/AssetsDemo.vue(315,7): error TS2322: Type 'null' is not assignable to type 'string | undefined'.
src/modules/ai-tools/components/KnowledgeGenerationWizard.vue(171,40): error TS2551: Property 'value' does not exist on type 'number'. Did you mean 'valueOf'?
src/modules/ai/presentation/components/generation/KnowledgeGenerationWizard.vue(56,126): error TS2551: Property 'value' does not exist on type 'number'. Did you mean 'valueOf'?
src/modules/authentication/application/services/LoginApplicationService.ts(71,38): error TS2345: Argument of type 'string | undefined' is not assignable to parameter of type 'string'.
  Type 'undefined' is not assignable to type 'string'.
src/modules/authentication/application/services/LoginApplicationService.ts(72,42): error TS2345: Argument of type 'string | undefined' is not assignable to parameter of type 'string'.
  Type 'undefined' is not assignable to type 'string'.
src/modules/authentication/application/services/LoginApplicationService.ts(133,38): error TS2345: Argument of type 'string | undefined' is not assignable to parameter of type 'string'.
  Type 'undefined' is not assignable to type 'string'.
src/modules/authentication/presentation/composables/useAuth.ts(24,3): error TS2724: '"@dailyuse/contracts/authentication"' has no exported member named 'LoginResponse'. Did you mean 'LoginResponseDTO'?
src/modules/dashboard/presentation/components/WidgetSettingsPanel.vue(34,49): error TS2345: Argument of type 'string | undefined' is not assignable to parameter of type 'string'.
  Type 'undefined' is not assignable to type 'string'.
src/modules/dashboard/presentation/components/WidgetSettingsPanel.vue(42,68): error TS2345: Argument of type 'boolean | null' is not assignable to parameter of type 'boolean'.
  Type 'null' is not assignable to type 'boolean'.
src/modules/dashboard/presentation/components/WidgetSettingsPanel.vue(187,5): error TS2322: Type '{ visible: boolean; order: number; size: WidgetSize; }' is not assignable to type 'WidgetConfigDTO'.
  Types of property 'size' are incompatible.
    Type 'import("D:/myPrograms/DailyUse/apps/web/src/modules/dashboard/infrastructure/types/WidgetMetadata").WidgetSize' is not assignable to type 'import("D:/myPrograms/DailyUse/packages/contracts/dist/modules/dashboard/index").WidgetSize'.
      Type '"small"' is not assignable to type 'WidgetSize'.
src/modules/dashboard/presentation/components/WidgetSettingsPanel.vue(207,9): error TS2322: Type 'import("D:/myPrograms/DailyUse/apps/web/src/modules/dashboard/infrastructure/types/WidgetMetadata").WidgetSize' is not assignable to type 'import("D:/myPrograms/DailyUse/packages/contracts/dist/modules/dashboard/index").WidgetSize'.
  Type '"small"' is not assignable to type 'WidgetSize'.
src/modules/dashboard/presentation/components/WidgetSettingsPanel.vue(222,9): error TS2322: Type 'import("D:/myPrograms/DailyUse/apps/web/src/modules/dashboard/infrastructure/types/WidgetMetadata").WidgetSize' is not assignable to type 'import("D:/myPrograms/DailyUse/packages/contracts/dist/modules/dashboard/index").WidgetSize'.
  Type '"small"' is not assignable to type 'WidgetSize'.
src/modules/document/components/DocumentCard.vue(3,31): error TS2339: Property 'title' does not exist on type 'DocumentClientDTO'.
src/modules/document/components/DocumentCard.vue(7,19): error TS2339: Property 'folderPath' does not exist on type 'DocumentClientDTO'.
src/modules/document/components/DocumentCard.vue(13,61): error TS2339: Property 'excerpt' does not exist on type 'DocumentClientDTO'.
src/modules/document/components/DocumentCard.vue(15,27): error TS2339: Property 'tags' does not exist on type 'DocumentClientDTO'.
src/modules/document/components/DocumentCard.vue(17,34): error TS2339: Property 'tags' does not exist on type 'DocumentClientDTO'.
src/modules/document/components/DocumentCard.vue(28,60): error TS2339: Property 'status' does not exist on type 'DocumentClientDTO'.
src/modules/document/components/DocumentCard.vue(29,35): error TS2339: Property 'status' does not exist on type 'DocumentClientDTO'.
src/modules/document/components/DocumentEditor.vue(80,18): error TS2339: Property 'title' does not exist on type 'DocumentClientDTO'.
src/modules/document/components/DocumentEditor.vue(82,23): error TS2339: Property 'folderPath' does not exist on type 'DocumentClientDTO'.
src/modules/document/components/DocumentEditor.vue(83,21): error TS2339: Property 'tags' does not exist on type 'DocumentClientDTO'.
src/modules/document/presentation/components/VersionDiffViewer.vue(26,27): error TS2345: Argument of type 'number' is not assignable to parameter of type 'string'.
src/modules/document/presentation/components/VersionDiffViewer.vue(40,27): error TS2345: Argument of type 'number' is not assignable to parameter of type 'string'.
src/modules/document/presentation/components/VersionDiffViewer.vue(54,70): error TS2339: Property 'added' does not exist on type '{ addedLines: number; removedLines: number; unchangedLines: number; }'.
src/modules/document/presentation/components/VersionDiffViewer.vue(59,68): error TS2339: Property 'removed' does not exist on type '{ addedLines: number; removedLines: number; unchangedLines: number; }'.
src/modules/document/presentation/components/VersionDiffViewer.vue(64,56): error TS2339: Property 'unchanged' does not exist on type '{ addedLines: number; removedLines: number; unchangedLines: number; }'.
src/modules/document/presentation/components/VersionDiffViewer.vue(83,10): error TS1484: 'DocumentContracts' is a type and must be imported using a type-only import when 'verbatimModuleSyntax' is enabled.
src/modules/document/presentation/components/VersionDiffViewer.vue(99,27): error TS2551: Property 'diff' does not exist on type 'VersionComparisonDTO'. Did you mean 'diffs'?
src/modules/document/presentation/components/VersionHistoryList.vue(38,24): error TS2339: Property 'title' does not exist on type 'DocumentVersionClientDTO'.
src/modules/document/presentation/components/VersionHistoryList.vue(53,27): error TS2345: Argument of type 'number' is not assignable to parameter of type 'string'.
src/modules/document/presentation/components/VersionHistoryList.vue(54,33): error TS2339: Property 'changedBy' does not exist on type 'DocumentVersionClientDTO'.
src/modules/document/presentation/components/VersionHistoryList.vue(54,70): error TS2339: Property 'changedBy' does not exist on type 'DocumentVersionClientDTO'.
src/modules/document/presentation/views/DocumentDetailView.vue(31,31): error TS2339: Property 'title' does not exist on type '{ uuid: string; workspaceUuid: string; accountUuid: string; path: string; name: string; language: DocumentLanguage; content: string; contentHash: string; metadata: { tags: string[]; ... 5 more ...; readingTimeFormatted?: string | ... 1 more ... | undefined; }; ... 8 more ...; formattedUpdatedAt: string; }'.
src/modules/document/presentation/views/DocumentDetailView.vue(33,36): error TS2339: Property 'currentVersion' does not exist on type '{ uuid: string; workspaceUuid: string; accountUuid: string; path: string; name: string; language: DocumentLanguage; content: string; contentHash: string; metadata: { tags: string[]; ... 5 more ...; readingTimeFormatted?: string | ... 1 more ... | undefined; }; ... 8 more ...; formattedUpdatedAt: string; }'.
src/modules/document/presentation/views/DocumentDetailView.vue(35,34): error TS2339: Property 'currentVersion' does not exist on type '{ uuid: string; workspaceUuid: string; accountUuid: string; path: string; name: string; language: DocumentLanguage; content: string; contentHash: string; metadata: { tags: string[]; ... 5 more ...; readingTimeFormatted?: string | ... 1 more ... | undefined; }; ... 8 more ...; formattedUpdatedAt: string; }'.
src/modules/document/presentation/views/DocumentDetailView.vue(35,61): error TS2339: Property 'currentVersion' does not exist on type '{ uuid: string; workspaceUuid: string; accountUuid: string; path: string; name: string; language: DocumentLanguage; content: string; contentHash: string; metadata: { tags: string[]; ... 5 more ...; readingTimeFormatted?: string | ... 1 more ... | undefined; }; ... 8 more ...; formattedUpdatedAt: string; }'.
src/modules/document/presentation/views/DocumentDetailView.vue(73,29): error TS2339: Property 'folderPath' does not exist on type '{ uuid: string; workspaceUuid: string; accountUuid: string; path: string; name: string; language: DocumentLanguage; content: string; contentHash: string; metadata: { tags: string[]; ... 5 more ...; readingTimeFormatted?: string | ... 1 more ... | undefined; }; ... 8 more ...; formattedUpdatedAt: string; }'.
src/modules/document/presentation/views/DocumentDetailView.vue(76,40): error TS2339: Property 'tags' does not exist on type '{ uuid: string; workspaceUuid: string; accountUuid: string; path: string; name: string; language: DocumentLanguage; content: string; contentHash: string; metadata: { tags: string[]; ... 5 more ...; readingTimeFormatted?: string | ... 1 more ... | undefined; }; ... 8 more ...; formattedUpdatedAt: string; }'.
src/modules/document/presentation/views/DocumentDetailView.vue(95,35): error TS2345: Argument of type 'number' is not assignable to parameter of type 'string'.
src/modules/document/presentation/views/DocumentDetailView.vue(97,35): error TS2345: Argument of type 'number' is not assignable to parameter of type 'string'.
src/modules/document/presentation/views/DocumentDetailView.vue(98,36): error TS2339: Property 'lastVersionedAt' does not exist on type '{ uuid: string; workspaceUuid: string; accountUuid: string; path: string; name: string; language: DocumentLanguage; content: string; contentHash: string; metadata: { tags: string[]; ... 5 more ...; readingTimeFormatted?: string | ... 1 more ... | undefined; }; ... 8 more ...; formattedUpdatedAt: string; }'.
src/modules/document/presentation/views/DocumentDetailView.vue(99,36): error TS2339: Property 'lastVersionedAt' does not exist on type '{ uuid: string; workspaceUuid: string; accountUuid: string; path: string; name: string; language: DocumentLanguage; content: string; contentHash: string; metadata: { tags: string[]; ... 5 more ...; readingTimeFormatted?: string | ... 1 more ... | undefined; }; ... 8 more ...; formattedUpdatedAt: string; }'.
src/modules/document/presentation/views/DocumentDetailView.vue(100,47): error TS2339: Property 'lastVersionedAt' does not exist on type '{ uuid: string; workspaceUuid: string; accountUuid: string; path: string; name: string; language: DocumentLanguage; content: string; contentHash: string; metadata: { tags: string[]; ... 5 more ...; readingTimeFormatted?: string | ... 1 more ... | undefined; }; ... 8 more ...; formattedUpdatedAt: string; }'.
src/modules/document/presentation/views/DocumentDetailView.vue(113,16): error TS2322: Type 'number | undefined' is not assignable to type 'number'.
  Type 'undefined' is not assignable to type 'number'.
src/modules/document/presentation/views/DocumentDetailView.vue(114,16): error TS2322: Type 'boolean | undefined' is not assignable to type 'boolean'.
  Type 'undefined' is not assignable to type 'boolean'.
src/modules/document/presentation/views/DocumentDetailView.vue(115,16): error TS2322: Type 'boolean | undefined' is not assignable to type 'boolean'.
  Type 'undefined' is not assignable to type 'boolean'.
src/modules/document/presentation/views/DocumentDetailView.vue(116,16): error TS2322: Type 'boolean | undefined' is not assignable to type 'boolean'.
  Type 'undefined' is not assignable to type 'boolean'.
src/modules/document/presentation/views/DocumentDetailView.vue(280,22): error TS2352: Conversion of type '{ uuid: string; title: string; content: string; folderPath: string; tags: string[]; currentVersion: number; lastVersionedAt: string; createdAt: string; updatedAt: string; }' to type 'DocumentClientDTO' may be a mistake because neither type sufficiently overlaps with the other. If this was intentional, convert the expression to 'unknown' first.
  Type '{ uuid: string; title: string; content: string; folderPath: string; tags: string[]; currentVersion: number; lastVersionedAt: string; createdAt: string; updatedAt: string; }' is missing the following properties from type 'DocumentClientDTO': workspaceUuid, accountUuid, path, name, and 6 more.
src/modules/document/presentation/views/DocumentDetailView.vue(310,24): error TS2339: Property 'currentVersion' does not exist on type '{ uuid: string; workspaceUuid: string; accountUuid: string; path: string; name: string; language: DocumentLanguage; content: string; contentHash: string; metadata: { tags: string[]; ... 5 more ...; readingTimeFormatted?: string | ... 1 more ... | undefined; }; ... 8 more ...; formattedUpdatedAt: string; }'.
src/modules/document/presentation/views/DocumentDetailView.vue(313,65): error TS2339: Property 'currentVersion' does not exist on type '{ uuid: string; workspaceUuid: string; accountUuid: string; path: string; name: string; language: DocumentLanguage; content: string; contentHash: string; metadata: { tags: string[]; ... 5 more ...; readingTimeFormatted?: string | ... 1 more ... | undefined; }; ... 8 more ...; formattedUpdatedAt: string; }'.
src/modules/document/presentation/views/DocumentDetailView.vue(352,41): error TS2339: Property 'currentVersion' does not exist on type '{ uuid: string; workspaceUuid: string; accountUuid: string; path: string; name: string; language: DocumentLanguage; content: string; contentHash: string; metadata: { tags: string[]; ... 5 more ...; readingTimeFormatted?: string | ... 1 more ... | undefined; }; ... 8 more ...; formattedUpdatedAt: string; }'.
src/modules/document/presentation/views/DocumentDetailView.vue(353,9): error TS2322: Type 'string' is not assignable to type 'number'.
src/modules/document/presentation/views/DocumentDetailWithVersions.vue(8,32): error TS2339: Property 'title' does not exist on type '{ uuid: string; workspaceUuid: string; accountUuid: string; path: string; name: string; language: DocumentLanguage; content: string; contentHash: string; metadata: { tags: string[]; ... 5 more ...; readingTimeFormatted?: string | ... 1 more ... | undefined; }; ... 8 more ...; formattedUpdatedAt: string; }'.
src/modules/document/presentation/views/DocumentDetailWithVersions.vue(16,20): error TS2322: Type 'Ref<number, number>' is not assignable to type 'string | number | undefined'.
src/modules/document/presentation/views/DocumentDetailWithVersions.vue(18,33): error TS2365: Operator '>' cannot be applied to types 'Ref<number, number>' and 'number'.
src/modules/document/presentation/views/DocumentDetailWithVersions.vue(31,36): error TS2339: Property 'currentVersion' does not exist on type '{ uuid: string; workspaceUuid: string; accountUuid: string; path: string; name: string; language: DocumentLanguage; content: string; contentHash: string; metadata: { tags: string[]; ... 5 more ...; readingTimeFormatted?: string | ... 1 more ... | undefined; }; ... 8 more ...; formattedUpdatedAt: string; }'.
src/modules/document/presentation/views/DocumentDetailWithVersions.vue(32,46): error TS2339: Property 'lastVersionedAt' does not exist on type '{ uuid: string; workspaceUuid: string; accountUuid: string; path: string; name: string; language: DocumentLanguage; content: string; contentHash: string; metadata: { tags: string[]; ... 5 more ...; readingTimeFormatted?: string | ... 1 more ... | undefined; }; ... 8 more ...; formattedUpdatedAt: string; }'.
src/modules/document/presentation/views/DocumentDetailWithVersions.vue(44,12): error TS2740: Type 'Ref<any, any>' is missing the following properties from type 'DocumentVersionClientDTO[]': length, pop, push, concat, and 29 more.
src/modules/document/presentation/views/DocumentDetailWithVersions.vue(45,12): error TS2322: Type 'Ref<number, number>' is not assignable to type 'number'.
src/modules/document/presentation/views/DocumentDetailWithVersions.vue(46,12): error TS2322: Type 'Ref<boolean, boolean>' is not assignable to type 'boolean'.
src/modules/document/presentation/views/DocumentDetailWithVersions.vue(47,12): error TS2322: Type 'ComputedRef<boolean>' is not assignable to type 'boolean'.
src/modules/document/presentation/views/DocumentDetailWithVersions.vue(48,12): error TS2322: Type 'ComputedRef<boolean>' is not assignable to type 'boolean'.
src/modules/document/presentation/views/DocumentDetailWithVersions.vue(86,14): error TS2322: Type 'Ref<boolean, boolean>' is not assignable to type 'string | boolean | undefined'.
src/modules/document/presentation/views/DocumentDetailWithVersions.vue(146,22): error TS2339: Property 'currentVersion' does not exist on type '{ uuid: string; workspaceUuid: string; accountUuid: string; path: string; name: string; language: DocumentLanguage; content: string; contentHash: string; metadata: { tags: string[]; ... 5 more ...; readingTimeFormatted?: string | ... 1 more ... | undefined; }; ... 8 more ...; formattedUpdatedAt: string; }'.
src/modules/document/views/RepositoryPage.vue(79,35): error TS2339: Property 'title' does not exist on type 'DocumentClientDTO'.
src/modules/editor/presentation/components/BacklinkPanel.vue(86,10): error TS1484: 'DocumentContracts' is a type and must be imported using a type-only import when 'verbatimModuleSyntax' is enabled.
src/modules/editor/presentation/components/EditorContainer.vue(28,11): error TS2322: Type 'string | undefined' is not assignable to type 'string'.
  Type 'undefined' is not assignable to type 'string'.
src/modules/editor/presentation/components/LinkGraphView.vue(65,10): error TS1484: 'DocumentContracts' is a type and must be imported using a type-only import when 'verbatimModuleSyntax' is enabled.
src/modules/editor/presentation/components/LinkSuggestion.vue(33,18): error TS2339: Property 'title' does not exist on type '{ uuid: string; workspaceUuid: string; accountUuid: string; path: string; name: string; language: DocumentLanguage; content: string; contentHash: string; metadata: { tags: string[]; ... 5 more ...; readingTimeFormatted?: string | ... 1 more ... | undefined; }; ... 8 more ...; formattedUpdatedAt: string; }'.
src/modules/editor/presentation/components/LinkSuggestion.vue(37,18): error TS2339: Property 'folderPath' does not exist on type '{ uuid: string; workspaceUuid: string; accountUuid: string; path: string; name: string; language: DocumentLanguage; content: string; contentHash: string; metadata: { tags: string[]; ... 5 more ...; readingTimeFormatted?: string | ... 1 more ... | undefined; }; ... 8 more ...; formattedUpdatedAt: string; }'.
src/modules/editor/presentation/components/LinkSuggestion.vue(38,29): error TS2339: Property 'tags' does not exist on type '{ uuid: string; workspaceUuid: string; accountUuid: string; path: string; name: string; language: DocumentLanguage; content: string; contentHash: string; metadata: { tags: string[]; ... 5 more ...; readingTimeFormatted?: string | ... 1 more ... | undefined; }; ... 8 more ...; formattedUpdatedAt: string; }'.
src/modules/editor/presentation/components/LinkSuggestion.vue(39,20): error TS2339: Property 'tags' does not exist on type '{ uuid: string; workspaceUuid: string; accountUuid: string; path: string; name: string; language: DocumentLanguage; content: string; contentHash: string; metadata: { tags: string[]; ... 5 more ...; readingTimeFormatted?: string | ... 1 more ... | undefined; }; ... 8 more ...; formattedUpdatedAt: string; }'.
src/modules/editor/presentation/components/LinkSuggestion.vue(103,9): error TS2339: Property 'title' does not exist on type '{ uuid: string; workspaceUuid: string; accountUuid: string; path: string; name: string; language: DocumentLanguage; content: string; contentHash: string; metadata: { tags: string[]; ... 5 more ...; readingTimeFormatted?: string | ... 1 more ... | undefined; }; ... 8 more ...; formattedUpdatedAt: string; }'.
src/modules/editor/presentation/components/LinkSuggestion.vue(104,9): error TS2339: Property 'folderPath' does not exist on type '{ uuid: string; workspaceUuid: string; accountUuid: string; path: string; name: string; language: DocumentLanguage; content: string; contentHash: string; metadata: { tags: string[]; ... 5 more ...; readingTimeFormatted?: string | ... 1 more ... | undefined; }; ... 8 more ...; formattedUpdatedAt: string; }'.
src/modules/editor/presentation/components/LinkSuggestion.vue(105,9): error TS2339: Property 'tags' does not exist on type '{ uuid: string; workspaceUuid: string; accountUuid: string; path: string; name: string; language: DocumentLanguage; content: string; contentHash: string; metadata: { tags: string[]; ... 5 more ...; readingTimeFormatted?: string | ... 1 more ... | undefined; }; ... 8 more ...; formattedUpdatedAt: string; }'.
src/modules/editor/presentation/components/LinkSuggestion.vue(105,20): error TS7006: Parameter 'tag' implicitly has an 'any' type.
src/modules/editor/presentation/views/EditorView.vue(151,35): error TS2307: Cannot find module '@packages/contracts' or its corresponding type declarations.
src/modules/goal/application/services/StatusRuleEngine.ts(12,8): error TS6059: File 'D:/myPrograms/DailyUse/packages/contracts/src/modules/goal/rules/StatusRule.ts' is not under 'rootDir' 'D:/myPrograms/DailyUse/apps/web/src'. 'rootDir' is expected to contain all source files.
  The file is in the program because:
    Imported via '../../../../../../../packages/contracts/src/modules/goal/rules/StatusRule' from file 'D:/myPrograms/DailyUse/apps/web/src/modules/goal/application/services/StatusRuleEngine.ts'
    Imported via '../../../../../../../packages/contracts/src/modules/goal/rules/StatusRule' from file 'D:/myPrograms/DailyUse/apps/web/src/modules/goal/application/rules/BuiltInRules.ts'
    Imported via '../../../../../../../packages/contracts/src/modules/goal/rules/StatusRule' from file 'D:/myPrograms/DailyUse/apps/web/src/modules/goal/application/composables/useAutoStatusRules.ts'
    Imported via '../../../../../../../../packages/contracts/src/modules/goal/rules/StatusRule' from file 'D:/myPrograms/DailyUse/apps/web/src/modules/goal/presentation/components/rules/StatusRuleEditor.vue'
src/modules/goal/presentation/components/ActivateFocusModeDialog.vue(235,7): error TS2353: Object literal may only specify known properties, and 'startTime' does not exist in type 'ActivateFocusModeRequest'.
src/modules/goal/presentation/components/ActivateFocusModeDialog.vue(267,5): error TS2322: Type '"hide_all"' is not assignable to type 'HiddenGoalsMode'.
src/modules/goal/presentation/components/demos/GoalCardDemo.vue(36,22): error TS2307: Cannot find module '../components/cards/GoalCard.vue' or its corresponding type declarations.
src/modules/goal/presentation/components/demos/GoalCardDemo.vue(49,6): error TS7006: Parameter 'cardRef' implicitly has an 'any' type.
src/modules/goal/presentation/components/demos/GoalCardDemo.vue(49,15): error TS7006: Parameter 'index' implicitly has an 'any' type.
src/modules/goal/presentation/components/demos/GoalReviewCardDemo.vue(59,20): error TS2322: Type 'string | null | undefined' is not assignable to type 'string | undefined'.
  Type 'null' is not assignable to type 'string | undefined'.
src/modules/goal/presentation/components/demos/GoalReviewCardDemo.vue(63,65): error TS2339: Property 'name' does not exist on type '{ readonly uuid: string; readonly accountUuid: string; readonly title: string; readonly description: string | null | undefined; readonly color: string | null | undefined; readonly feasibilityAnalysis: string | ... 1 more ... | undefined; ... 99 more ...; equals: (other: Entity) => boolean; }'.
src/modules/goal/presentation/components/demos/GoalReviewCardDemo.vue(74,36): error TS2339: Property 'startTime' does not exist on type '{ readonly uuid: string; readonly accountUuid: string; readonly title: string; readonly description: string | null | undefined; readonly color: string | null | undefined; readonly feasibilityAnalysis: string | ... 1 more ... | undefined; ... 99 more ...; equals: (other: Entity) => boolean; }'.
src/modules/goal/presentation/components/demos/GoalReviewCardDemo.vue(75,36): error TS2339: Property 'endTime' does not exist on type '{ readonly uuid: string; readonly accountUuid: string; readonly title: string; readonly description: string | null | undefined; readonly color: string | null | undefined; readonly feasibilityAnalysis: string | ... 1 more ... | undefined; ... 99 more ...; equals: (other: Entity) => boolean; }'.
src/modules/goal/presentation/components/demos/GoalReviewCardDemo.vue(112,28): error TS2307: Cannot find module '../cards/GoalReviewCard.vue' or its corresponding type declarations.
src/modules/goal/presentation/components/dialogs/GoalRecordDialog.vue(192,42): error TS2339: Property 'changeAmount' does not exist on type '{ readonly uuid: string; readonly keyResultUuid: string; readonly goalUuid: string; readonly value: number; readonly calculatedCurrentValue: number | undefined; readonly note: string | null | undefined; ... 10 more ...; equals: (other: Entity) => boolean; }'.
src/modules/goal/presentation/components/FocusModeHistoryPanel.vue(22,10): error TS2322: Type '({ title: string; key: string; sortable: boolean; align?: undefined; } | { title: string; key: string; sortable: boolean; align: string; })[]' is not assignable to type 'readonly { readonly key?: (string & {}) | "data-table-expand" | "data-table-group" | "data-table-select" | undefined; readonly value?: SelectItemKey<{ uuid: string; accountUuid: string; focusedGoalUuids: string[]; startTime: number; endTime: number; isActive: boolean; remainingDays: number; hiddenGoalsMode: HiddenGo...'.
  Type '{ title: string; key: string; sortable: boolean; align?: undefined; } | { title: string; key: string; sortable: boolean; align: string; }' is not assignable to type '{ readonly key?: (string & {}) | "data-table-expand" | "data-table-group" | "data-table-select" | undefined; readonly value?: SelectItemKey<{ uuid: string; accountUuid: string; focusedGoalUuids: string[]; startTime: number; endTime: number; isActive: boolean; remainingDays: number; hiddenGoalsMode: HiddenGoalsMode; ...'.
    Type '{ title: string; key: string; sortable: boolean; align: string; }' is not assignable to type '{ readonly key?: (string & {}) | "data-table-expand" | "data-table-group" | "data-table-select" | undefined; readonly value?: SelectItemKey<{ uuid: string; accountUuid: string; focusedGoalUuids: string[]; startTime: number; endTime: number; isActive: boolean; remainingDays: number; hiddenGoalsMode: HiddenGoalsMode; ...'.
      Types of property 'align' are incompatible.
        Type 'string' is not assignable to type '"start" | "end" | "center" | undefined'.
src/modules/goal/presentation/components/FocusModeHistoryPanel.vue(32,35): error TS2551: Property 'focusedGoals' does not exist on type '{ uuid: string; accountUuid: string; focusedGoalUuids: string[]; startTime: number; endTime: number; isActive: boolean; remainingDays: number; hiddenGoalsMode: HiddenGoalsMode; }'. Did you mean 'focusedGoalUuids'?
src/modules/goal/presentation/components/FocusModeHistoryPanel.vue(155,12): error TS2339: Property 'isExpired' does not exist on type 'FocusModeClientDTO'.
src/modules/goal/presentation/components/FocusModeHistoryPanel.vue(167,12): error TS2339: Property 'isExpired' does not exist on type 'FocusModeClientDTO'.
src/modules/goal/presentation/components/FocusModeHistoryPanel.vue(179,12): error TS2339: Property 'isExpired' does not exist on type 'FocusModeClientDTO'.
src/modules/goal/presentation/components/FocusModeHistoryPanel.vue(217,5): error TS2353: Object literal may only specify known properties, and 'hide_all' does not exist in type 'Record<HiddenGoalsMode, string>'.
src/modules/goal/presentation/components/FocusModeHistoryPanel.vue(260,34): error TS2551: Property 'focusedGoals' does not exist on type 'FocusModeClientDTO'. Did you mean 'focusedGoalUuids'?
src/modules/goal/presentation/components/FocusModeHistoryPanel.vue(260,52): error TS7006: Parameter 'g' implicitly has an 'any' type.
src/modules/goal/presentation/components/FocusModeStatusBar.vue(111,43): error TS2551: Property 'focusedGoals' does not exist on type '{ uuid: string; accountUuid: string; focusedGoalUuids: string[]; startTime: number; endTime: number; isActive: boolean; remainingDays: number; hiddenGoalsMode: HiddenGoalsMode; }'. Did you mean 'focusedGoalUuids'?
src/modules/goal/presentation/components/timeline/TimelineControls.vue(131,39): error TS2307: Cannot find module '../../application/services/GoalTimelineService' or its corresponding type declarations.
src/modules/goal/presentation/components/timeline/TimelineControls.vue(132,41): error TS2307: Cannot find module '../../application/services/GoalTimelineService' or its corresponding type declarations.
src/modules/goal/presentation/components/weight-snapshot/WeightSnapshotList.vue(13,21): error TS2322: Type 'string' is not assignable to type '"all" | "7d" | "30d" | "90d"'.
src/modules/goal/presentation/components/weight-snapshot/WeightTrendChart.vue(13,39): error TS2345: Argument of type 'string' is not assignable to parameter of type '"7d" | "30d" | "90d" | "180d"'.
src/modules/goal/presentation/components/weight/WeightSuggestionPanel.vue(164,69): error TS2345: Argument of type 'KeyResultClient[]' is not assignable to parameter of type 'KeyResult[]'.
  Type 'KeyResultClient' is missing the following properties from type 'KeyResult': _goalUuid, _title, _progress, _weight, and 18 more.
src/modules/goal/presentation/views/KeyResultDetailView.vue(233,64): error TS2322: Type 'string | null | undefined' is not assignable to type 'string | undefined'.
  Type 'null' is not assignable to type 'string | undefined'.
src/modules/goal/presentation/views/KeyResultDetailView.vue(254,30): error TS2307: Cannot find module '@/stores/auth/authStore' or its corresponding type declarations.
src/modules/goal/presentation/widgets/GoalTimelineWidget.vue(47,44): error TS2339: Property 'IN_PROGRESS' does not exist on type 'typeof GoalStatus'.
src/modules/goal/presentation/widgets/GoalTimelineWidget.vue(63,61): error TS7006: Parameter 'kr' implicitly has an 'any' type.
src/modules/notification/presentation/components/NotificationItem.vue(18,15): error TS2367: This comparison appears to be unintentional because the types 'ImportanceLevel' and '"HIGH"' have no overlap.
src/modules/notification/presentation/components/NotificationItem.vue(18,53): error TS2367: This comparison appears to be unintentional because the types 'ImportanceLevel' and '"CRITICAL"' have no overlap.
src/modules/notification/presentation/components/NotificationItem.vue(104,10): error TS2678: Type '"CRITICAL"' is not comparable to type 'ImportanceLevel'.
src/modules/notification/presentation/components/NotificationItem.vue(105,10): error TS2678: Type '"HIGH"' is not comparable to type 'ImportanceLevel'.
src/modules/notification/presentation/components/NotificationItem.vue(107,10): error TS2678: Type '"NORMAL"' is not comparable to type 'ImportanceLevel'.
src/modules/notification/presentation/components/NotificationItem.vue(116,10): error TS2678: Type '"CRITICAL"' is not comparable to type 'ImportanceLevel'.
src/modules/notification/presentation/components/NotificationItem.vue(118,10): error TS2678: Type '"HIGH"' is not comparable to type 'ImportanceLevel'.
src/modules/reminder/application/services/ReminderSyncApplicationService.ts(380,45): error TS2345: Argument of type '(ReminderTemplateClientDTO | ReminderTemplateServerDTO) & Record<"displayName", unknown>' is not assignable to parameter of type 'ReminderTemplateClientDTO'.
  Type 'ReminderTemplateServerDTO & Record<"displayName", unknown>' is missing the following properties from type 'ReminderTemplateClientDTO': effectiveEnabled, displayTitle, typeText, triggerText, and 5 more.
src/modules/repository/presentation/components/cards/RepoCard.vue(70,29): error TS2339: Property 'relatedGoals' does not exist on type 'Repository'.
src/modules/repository/presentation/components/cards/RepoCard.vue(70,56): error TS2339: Property 'relatedGoals' does not exist on type 'Repository'.
src/modules/repository/presentation/components/cards/RepoCard.vue(73,38): error TS2339: Property 'relatedGoals' does not exist on type 'Repository'.
src/modules/repository/presentation/components/cards/RepoCard.vue(218,10): error TS2678: Type '"active"' is not comparable to type 'RepositoryStatus'.
src/modules/repository/presentation/components/cards/RepoCard.vue(220,10): error TS2678: Type '"archived"' is not comparable to type 'RepositoryStatus'.
src/modules/repository/presentation/components/cards/RepoCard.vue(222,10): error TS2678: Type '"inactive"' is not comparable to type 'RepositoryStatus'.
src/modules/repository/presentation/components/cards/RepoCard.vue(231,10): error TS2678: Type '"active"' is not comparable to type 'RepositoryStatus'.
src/modules/repository/presentation/components/cards/RepoCard.vue(233,10): error TS2678: Type '"archived"' is not comparable to type 'RepositoryStatus'.
src/modules/repository/presentation/components/cards/RepoCard.vue(235,10): error TS2678: Type '"inactive"' is not comparable to type 'RepositoryStatus'.
src/modules/repository/presentation/components/cards/RepoCard.vue(244,10): error TS2678: Type '"active"' is not comparable to type 'RepositoryStatus'.
src/modules/repository/presentation/components/cards/RepoCard.vue(246,10): error TS2678: Type '"archived"' is not comparable to type 'RepositoryStatus'.
src/modules/repository/presentation/components/cards/RepoCard.vue(248,10): error TS2678: Type '"inactive"' is not comparable to type 'RepositoryStatus'.
src/modules/repository/presentation/components/cards/ResourceCard.vue(65,25): error TS2339: Property 'description' does not exist on type 'Resource'.
src/modules/repository/presentation/components/cards/ResourceCard.vue(66,21): error TS2339: Property 'description' does not exist on type 'Resource'.
src/modules/repository/presentation/components/cards/ResourceCard.vue(70,27): error TS2339: Property 'tags' does not exist on type 'Resource'.
src/modules/repository/presentation/components/cards/ResourceCard.vue(70,44): error TS2339: Property 'tags' does not exist on type 'Resource'.
src/modules/repository/presentation/components/cards/ResourceCard.vue(72,34): error TS2339: Property 'tags' does not exist on type 'Resource'.
src/modules/repository/presentation/components/cards/ResourceCard.vue(80,32): error TS2339: Property 'tags' does not exist on type 'Resource'.
src/modules/repository/presentation/components/cards/ResourceCard.vue(81,24): error TS2339: Property 'tags' does not exist on type 'Resource'.
src/modules/repository/presentation/components/cards/ResourceCard.vue(252,10): error TS2678: Type '"image"' is not comparable to type 'ResourceType'.
src/modules/repository/presentation/components/cards/ResourceCard.vue(254,10): error TS2678: Type '"video"' is not comparable to type 'ResourceType'.
src/modules/repository/presentation/components/cards/ResourceCard.vue(256,10): error TS2678: Type '"audio"' is not comparable to type 'ResourceType'.
src/modules/repository/presentation/components/cards/ResourceCard.vue(258,10): error TS2678: Type '"code"' is not comparable to type 'ResourceType'.
src/modules/repository/presentation/components/cards/ResourceCard.vue(260,10): error TS2678: Type '"link"' is not comparable to type 'ResourceType'.
src/modules/repository/presentation/components/cards/ResourceCard.vue(273,10): error TS2678: Type '"image"' is not comparable to type 'ResourceType'.
src/modules/repository/presentation/components/cards/ResourceCard.vue(275,10): error TS2678: Type '"video"' is not comparable to type 'ResourceType'.
src/modules/repository/presentation/components/cards/ResourceCard.vue(277,10): error TS2678: Type '"audio"' is not comparable to type 'ResourceType'.
src/modules/repository/presentation/components/cards/ResourceCard.vue(279,10): error TS2678: Type '"code"' is not comparable to type 'ResourceType'.
src/modules/repository/presentation/components/cards/ResourceCard.vue(281,10): error TS2678: Type '"link"' is not comparable to type 'ResourceType'.
src/modules/repository/presentation/components/dialogs/RepoDialog.vue(292,24): error TS2339: Property 'LOCAL' does not exist on type 'typeof RepositoryType'.
src/modules/repository/presentation/components/dialogs/RepoDialog.vue(315,11): error TS2322: Type 'string | null' is not assignable to type 'string | undefined'.
  Type 'null' is not assignable to type 'string | undefined'.
src/modules/repository/presentation/components/dialogs/RepoDialog.vue(319,36): error TS2339: Property 'relatedGoals' does not exist on type '{ readonly uuid: string; readonly accountUuid: string; readonly name: string; readonly type: RepositoryType; readonly path: string; readonly description: string | null; ... 27 more ...; equals: (other: Entity) => boolean; }'.
src/modules/repository/presentation/components/dialogs/RepoDialog.vue(322,13): error TS2322: Type 'boolean | undefined' is not assignable to type 'boolean'.
  Type 'undefined' is not assignable to type 'boolean'.
src/modules/repository/presentation/components/dialogs/RepoDialog.vue(323,13): error TS2322: Type 'unknown' is not assignable to type 'boolean'.
src/modules/repository/presentation/components/dialogs/RepoDialog.vue(331,32): error TS2339: Property 'LOCAL' does not exist on type 'typeof RepositoryType'.
src/modules/repository/presentation/components/dialogs/RepoDialog.vue(358,41): error TS2339: Property 'LOCAL' does not exist on type 'typeof RepositoryType'.
src/modules/repository/presentation/components/dialogs/RepoDialog.vue(359,41): error TS2339: Property 'REMOTE' does not exist on type 'typeof RepositoryType'.
src/modules/repository/presentation/components/dialogs/RepoDialog.vue(360,41): error TS2339: Property 'SYNCHRONIZED' does not exist on type 'typeof RepositoryType'.
src/modules/repository/presentation/components/dialogs/RepoDialog.vue(365,41): error TS2551: Property 'INACTIVE' does not exist on type 'typeof RepositoryStatus'. Did you mean 'ACTIVE'?
src/modules/repository/presentation/components/dialogs/RepositoryManagementDialog.vue(143,46): error TS2307: Cannot find module '../../application/services/repositoryApplicationService' or its corresponding type declarations.
src/modules/repository/presentation/components/dialogs/RepositoryManagementDialog.vue(177,24): error TS2339: Property 'LOCAL' does not exist on type 'typeof RepositoryType'.
src/modules/repository/presentation/components/dialogs/RepositoryManagementDialog.vue(183,42): error TS2339: Property 'LOCAL' does not exist on type 'typeof RepositoryType'.
src/modules/repository/presentation/components/dialogs/RepositoryManagementDialog.vue(184,44): error TS2339: Property 'GIT' does not exist on type 'typeof RepositoryType'.
src/modules/repository/presentation/components/dialogs/RepositoryManagementDialog.vue(185,42): error TS2339: Property 'CLOUD' does not exist on type 'typeof RepositoryType'.
src/modules/repository/presentation/components/dialogs/RepositoryManagementDialog.vue(197,25): error TS2339: Property 'LOCAL' does not exist on type 'typeof RepositoryType'.
src/modules/repository/presentation/components/dialogs/RepositoryManagementDialog.vue(199,25): error TS2339: Property 'GIT' does not exist on type 'typeof RepositoryType'.
src/modules/repository/presentation/components/dialogs/RepositoryManagementDialog.vue(201,25): error TS2339: Property 'CLOUD' does not exist on type 'typeof RepositoryType'.
src/modules/repository/presentation/components/dialogs/RepositoryManagementDialog.vue(211,25): error TS2339: Property 'LOCAL' does not exist on type 'typeof RepositoryType'.
src/modules/repository/presentation/components/dialogs/RepositoryManagementDialog.vue(213,25): error TS2339: Property 'GIT' does not exist on type 'typeof RepositoryType'.
src/modules/repository/presentation/components/dialogs/RepositoryManagementDialog.vue(215,25): error TS2339: Property 'CLOUD' does not exist on type 'typeof RepositoryType'.
src/modules/repository/presentation/components/dialogs/RepositoryManagementDialog.vue(229,27): error TS2339: Property 'SYNCING' does not exist on type 'typeof RepositoryStatus'.
src/modules/repository/presentation/components/dialogs/RepositoryManagementDialog.vue(231,27): error TS2551: Property 'INACTIVE' does not exist on type 'typeof RepositoryStatus'. Did you mean 'ACTIVE'?
src/modules/repository/presentation/components/dialogs/RepositoryManagementDialog.vue(245,27): error TS2339: Property 'SYNCING' does not exist on type 'typeof RepositoryStatus'.
src/modules/repository/presentation/components/dialogs/RepositoryManagementDialog.vue(247,27): error TS2551: Property 'INACTIVE' does not exist on type 'typeof RepositoryStatus'. Did you mean 'ACTIVE'?
src/modules/repository/presentation/components/dialogs/RepositoryManagementDialog.vue(272,26): error TS2339: Property 'LOCAL' does not exist on type 'typeof RepositoryType'.
src/modules/repository/presentation/components/dialogs/ResourceDialog.vue(316,33): error TS2339: Property 'description' does not exist on type '{ readonly uuid: string; readonly repositoryUuid: string; readonly folderUuid: string | null | undefined; readonly name: string; readonly type: ResourceType; readonly path: string; ... 20 more ...; toServerDTO: () => ResourceServerDTO; }'.
src/modules/repository/presentation/components/dialogs/ResourceDialog.vue(320,28): error TS2339: Property 'author' does not exist on type '{ readonly uuid: string; readonly repositoryUuid: string; readonly folderUuid: string | null | undefined; readonly name: string; readonly type: ResourceType; readonly path: string; ... 20 more ...; toServerDTO: () => ResourceServerDTO; }'.
src/modules/repository/presentation/components/dialogs/ResourceDialog.vue(321,29): error TS2339: Property 'version' does not exist on type '{ readonly uuid: string; readonly repositoryUuid: string; readonly folderUuid: string | null | undefined; readonly name: string; readonly type: ResourceType; readonly path: string; ... 20 more ...; toServerDTO: () => ResourceServerDTO; }'.
src/modules/repository/presentation/components/dialogs/ResourceDialog.vue(322,31): error TS2339: Property 'tags' does not exist on type '{ readonly uuid: string; readonly repositoryUuid: string; readonly folderUuid: string | null | undefined; readonly name: string; readonly type: ResourceType; readonly path: string; ... 20 more ...; toServerDTO: () => ResourceServerDTO; }'.
src/modules/repository/presentation/components/dialogs/ResourceDialog.vue(323,30): error TS2339: Property 'category' does not exist on type '{ readonly uuid: string; readonly repositoryUuid: string; readonly folderUuid: string | null | undefined; readonly name: string; readonly type: ResourceType; readonly path: string; ... 20 more ...; toServerDTO: () => ResourceServerDTO; }'.
src/modules/repository/presentation/components/index.ts(2,51): error TS2307: Cannot find module './CreateRepositoryDialog.vue' or its corresponding type declarations.
src/modules/repository/presentation/components/index.ts(3,47): error TS2307: Cannot find module './CreateFolderDialog.vue' or its corresponding type declarations.
src/modules/repository/presentation/components/TreeNodeItem.vue(58,30): error TS2769: No overload matches this call.
  The last overload gave the following error.
    Argument of type '"context-menu"' is not assignable to parameter of type '"toggle"'.
src/modules/repository/presentation/components/TreeNodeItem.vue(171,8): error TS2769: No overload matches this call.
  The last overload gave the following error.
    Argument of type '"context-menu"' is not assignable to parameter of type '"toggle"'.
src/modules/repository/presentation/composables/useMilkdown.ts(47,14): error TS2345: Argument of type '(ctx: Ctx) => void' is not assignable to parameter of type 'MilkdownPlugin | MilkdownPlugin[]'.
  Type '(ctx: Ctx) => void' is not assignable to type 'MilkdownPlugin'.
    Type '(ctx: Ctx) => void' is not assignable to type '(ctx: Ctx) => CtxRunner'.
      Type 'void' is not assignable to type 'CtxRunner'.
src/modules/repository/presentation/stores/folderStore.ts(29,7): error TS2322: Type '{ readonly uuid: string; readonly repositoryUuid: string; readonly parentUuid: string | null; readonly name: string; readonly path: string; readonly order: number; readonly isExpanded: boolean; ... 17 more ...; equals: (other: Entity) => boolean; }[]' is not assignable to type 'Folder[]'.
  Type '{ readonly uuid: string; readonly repositoryUuid: string; readonly parentUuid: string | null; readonly name: string; readonly path: string; readonly order: number; readonly isExpanded: boolean; ... 17 more ...; equals: (other: Entity) => boolean; }' is missing the following properties from type 'Folder': _repositoryUuid, _parentUuid, _name, _path, and 7 more.
src/modules/repository/presentation/stores/folderStore.ts(38,9): error TS2322: Type '{ readonly uuid: string; readonly repositoryUuid: string; readonly parentUuid: string | null; readonly name: string; readonly path: string; readonly order: number; readonly isExpanded: boolean; ... 17 more ...; equals: (other: Entity) => boolean; } | null' is not assignable to type 'Folder | null'.
  Type '{ readonly uuid: string; readonly repositoryUuid: string; readonly parentUuid: string | null; readonly name: string; readonly path: string; readonly order: number; readonly isExpanded: boolean; ... 17 more ...; equals: (other: Entity) => boolean; }' is missing the following properties from type 'Folder': _repositoryUuid, _parentUuid, _name, _path, and 7 more.
src/modules/repository/presentation/stores/folderStore.ts(66,9): error TS2322: Type '{ readonly uuid: string; readonly repositoryUuid: string; readonly parentUuid: string | null; readonly name: string; readonly path: string; readonly order: number; readonly isExpanded: boolean; ... 17 more ...; equals: (other: Entity) => boolean; }[]' is not assignable to type 'Folder[]'.
  Type '{ readonly uuid: string; readonly repositoryUuid: string; readonly parentUuid: string | null; readonly name: string; readonly path: string; readonly order: number; readonly isExpanded: boolean; ... 17 more ...; equals: (other: Entity) => boolean; }' is missing the following properties from type 'Folder': _repositoryUuid, _parentUuid, _name, _path, and 7 more.
src/modules/repository/presentation/stores/folderStore.ts(84,7): error TS2322: Type '{ readonly uuid: string; readonly repositoryUuid: string; readonly parentUuid: string | null; readonly name: string; readonly path: string; readonly order: number; readonly isExpanded: boolean; ... 17 more ...; equals: (other: Entity) => boolean; } | null' is not assignable to type 'Folder | null'.
  Type '{ readonly uuid: string; readonly repositoryUuid: string; readonly parentUuid: string | null; readonly name: string; readonly path: string; readonly order: number; readonly isExpanded: boolean; ... 17 more ...; equals: (other: Entity) => boolean; }' is missing the following properties from type 'Folder': _repositoryUuid, _parentUuid, _name, _path, and 7 more.
src/modules/repository/presentation/stores/folderStore.ts(382,18): error TS2540: Cannot assign to 'children' because it is a read-only property.
src/modules/repository/presentation/stores/resourceStore.ts(36,45): error TS2345: Argument of type 'AxiosInstance' is not assignable to parameter of type 'IApiClient'.
  Type 'AxiosInstance' is missing the following properties from type 'IApiClient': upload, download
src/modules/repository/presentation/views/RepositoryDetailView.vue(104,39): error TS2339: Property 'relatedGoals' does not exist on type '{ readonly uuid: string; readonly accountUuid: string; readonly name: string; readonly type: RepositoryType; readonly path: string; readonly description: string | null; ... 27 more ...; equals: (other: Entity) => boolean; }'.
src/modules/repository/presentation/views/RepositoryDetailView.vue(104,66): error TS2339: Property 'relatedGoals' does not exist on type '{ readonly uuid: string; readonly accountUuid: string; readonly name: string; readonly type: RepositoryType; readonly path: string; readonly description: string | null; ... 27 more ...; equals: (other: Entity) => boolean; }'.
src/modules/repository/presentation/views/RepositoryDetailView.vue(110,55): error TS2339: Property 'relatedGoals' does not exist on type '{ readonly uuid: string; readonly accountUuid: string; readonly name: string; readonly type: RepositoryType; readonly path: string; readonly description: string | null; ... 27 more ...; equals: (other: Entity) => boolean; }'.
src/modules/repository/presentation/views/RepositoryDetailView.vue(328,43): error TS2724: '"@/modules/editor/presentation"' has no exported member named 'EditorTab'. Did you mean 'EditorTabBar'?
src/modules/repository/presentation/views/RepositoryDetailView.vue(371,35): error TS2367: This comparison appears to be unintentional because the types 'RepositoryStatus | undefined' and '"archived"' have no overlap.
src/modules/repository/presentation/views/RepositoryDetailView.vue(420,10): error TS2678: Type '"active"' is not comparable to type 'RepositoryStatus | undefined'.
src/modules/repository/presentation/views/RepositoryDetailView.vue(422,10): error TS2678: Type '"archived"' is not comparable to type 'RepositoryStatus | undefined'.
src/modules/repository/presentation/views/RepositoryDetailView.vue(432,10): error TS2678: Type '"active"' is not comparable to type 'RepositoryStatus | undefined'.
src/modules/repository/presentation/views/RepositoryDetailView.vue(434,10): error TS2678: Type '"archived"' is not comparable to type 'RepositoryStatus | undefined'.
src/modules/repository/presentation/views/RepositoryDetailView.vue(444,10): error TS2678: Type '"active"' is not comparable to type 'RepositoryStatus | undefined'.
src/modules/repository/presentation/views/RepositoryDetailView.vue(446,10): error TS2678: Type '"archived"' is not comparable to type 'RepositoryStatus | undefined'.
src/modules/repository/presentation/views/RepositoryListView.vue(162,43): error TS2551: Property 'INACTIVE' does not exist on type 'typeof RepositoryStatus'. Did you mean 'ACTIVE'?
src/modules/repository/presentation/views/RepositoryListView.vue(163,43): error TS2339: Property 'SYNCING' does not exist on type 'typeof RepositoryStatus'.
src/modules/repository/presentation/views/RepositoryListView.vue(194,71): error TS2551: Property 'INACTIVE' does not exist on type 'typeof RepositoryStatus'. Did you mean 'ACTIVE'?
src/modules/repository/presentation/views/RepositoryListView.vue(196,70): error TS2339: Property 'SYNCING' does not exist on type 'typeof RepositoryStatus'.
src/modules/repository/presentation/views/RepositoryPage.vue(186,46): error TS2307: Cannot find module '../application/services/repositoryApplicationService' or its corresponding type declarations.
src/modules/schedule/presentation/components/CreateScheduleDialog.vue(229,11): error TS2739: Type '{ title: string; description: string | undefined; startTime: number; endTime: number; priority: number | undefined; location: string | undefined; attendees: string[] | undefined; }' is missing the following properties from type 'CreateScheduleRequest': accountUuid, duration
src/modules/schedule/presentation/components/ScheduleTaskDetailDialog.vue(217,41): error TS2339: Property 'errorMessage' does not exist on type 'ScheduleExecutionClientDTO'.
src/modules/schedule/presentation/components/ScheduleTaskDetailDialog.vue(218,34): error TS2339: Property 'errorMessage' does not exist on type 'ScheduleExecutionClientDTO'.
src/modules/schedule/presentation/composables/useSchedule.ts(333,7): error TS2322: Type 'ScheduleStatisticsClientDTO' is not assignable to type 'ScheduleStatisticsServerDTO | { accountUuid: string; totalTasks: number; activeTasks: number; pausedTasks: number; completedTasks: number; cancelledTasks: number; ... 11 more ...; createdAt: number; } | null'.
  Type 'ScheduleStatisticsClientDTO' is not assignable to type '{ accountUuid: string; totalTasks: number; activeTasks: number; pausedTasks: number; completedTasks: number; cancelledTasks: number; failedTasks: number; totalExecutions: number; successfulExecutions: number; ... 8 more ...; createdAt: number; }'.
    Types of property 'moduleStatistics' are incompatible.
      Type 'Record<string, ModuleStatisticsClientDTO>' is not assignable to type 'Record<string, ModuleStatisticsServerDTO>'.
        'string' index signatures are incompatible.
          Type 'ModuleStatisticsClientDTO' is missing the following properties from type 'ModuleStatisticsServerDTO': successfulExecutions, failedExecutions
src/modules/schedule/presentation/composables/useSchedule.ts(353,7): error TS2322: Type 'Record<SourceModule, ModuleStatisticsClientDTO>' is not assignable to type 'Record<SourceModule, ModuleStatisticsServerDTO> | { reminder: { moduleName: string; totalTasks: number; activeTasks: number; totalExecutions: number; successfulExecutions: number; failedExecutions: number; avgDuration: number; }; ... 4 more ...; custom: { ...; }; } | null'.
  Type 'Record<SourceModule, ModuleStatisticsClientDTO>' is not assignable to type '{ reminder: { moduleName: string; totalTasks: number; activeTasks: number; totalExecutions: number; successfulExecutions: number; failedExecutions: number; avgDuration: number; }; task: { moduleName: string; ... 5 more ...; avgDuration: number; }; goal: { ...; }; notification: { ...; }; system: { ...; }; custom: { ....'.
    Types of property 'reminder' are incompatible.
      Type 'ModuleStatisticsClientDTO' is missing the following properties from type '{ moduleName: string; totalTasks: number; activeTasks: number; totalExecutions: number; successfulExecutions: number; failedExecutions: number; avgDuration: number; }': successfulExecutions, failedExecutions
src/modules/schedule/presentation/composables/useSchedule.ts(373,7): error TS2322: Type 'ScheduleStatisticsClientDTO' is not assignable to type 'ScheduleStatisticsServerDTO | { accountUuid: string; totalTasks: number; activeTasks: number; pausedTasks: number; completedTasks: number; cancelledTasks: number; ... 11 more ...; createdAt: number; } | null'.
  Type 'ScheduleStatisticsClientDTO' is not assignable to type '{ accountUuid: string; totalTasks: number; activeTasks: number; pausedTasks: number; completedTasks: number; cancelledTasks: number; failedTasks: number; totalExecutions: number; successfulExecutions: number; ... 8 more ...; createdAt: number; }'.
    Types of property 'moduleStatistics' are incompatible.
      Type 'Record<string, ModuleStatisticsClientDTO>' is not assignable to type 'Record<string, ModuleStatisticsServerDTO>'.
        'string' index signatures are incompatible.
          Type 'ModuleStatisticsClientDTO' is missing the following properties from type 'ModuleStatisticsServerDTO': successfulExecutions, failedExecutions
src/modules/schedule/presentation/views/ScheduleDashboardView.vue(45,16): error TS2322: Type '{ readonly uuid: string; readonly accountUuid: string; readonly name: string; readonly description: string | null; readonly sourceModule: SourceModule; readonly sourceEntityId: string; ... 43 more ...; equals: (other: Entity) => boolean; }[]' is not assignable to type 'ScheduleTask[]'.
  Type '{ readonly uuid: string; readonly accountUuid: string; readonly name: string; readonly description: string | null; readonly sourceModule: SourceModule; readonly sourceEntityId: string; ... 43 more ...; equals: (other: Entity) => boolean; }' is missing the following properties from type 'ScheduleTask': _accountUuid, _name, _description, _sourceModule, and 14 more.
src/modules/schedule/presentation/views/ScheduleDashboardView.vue(56,16): error TS2322: Type '{ readonly uuid: string; readonly accountUuid: string; readonly name: string; readonly description: string | null; readonly sourceModule: SourceModule; readonly sourceEntityId: string; ... 43 more ...; equals: (other: Entity) => boolean; }[]' is not assignable to type 'ScheduleTask[]'.
  Type '{ readonly uuid: string; readonly accountUuid: string; readonly name: string; readonly description: string | null; readonly sourceModule: SourceModule; readonly sourceEntityId: string; ... 43 more ...; equals: (other: Entity) => boolean; }' is missing the following properties from type 'ScheduleTask': _accountUuid, _name, _description, _sourceModule, and 14 more.
src/modules/schedule/presentation/views/ScheduleDashboardView.vue(67,16): error TS2322: Type '{ readonly uuid: string; readonly accountUuid: string; readonly name: string; readonly description: string | null; readonly sourceModule: SourceModule; readonly sourceEntityId: string; ... 43 more ...; equals: (other: Entity) => boolean; }[]' is not assignable to type 'ScheduleTask[]'.
  Type '{ readonly uuid: string; readonly accountUuid: string; readonly name: string; readonly description: string | null; readonly sourceModule: SourceModule; readonly sourceEntityId: string; ... 43 more ...; equals: (other: Entity) => boolean; }' is missing the following properties from type 'ScheduleTask': _accountUuid, _name, _description, _sourceModule, and 14 more.
src/modules/task/application/services/TaskDependencyDragDropService.ts(80,13): error TS2741: Property 'accountUuid' is missing in type '{ predecessorTaskUuid: string; successorTaskUuid: string; dependencyType: DependencyType; lagDays: number; }' but required in type 'CreateTaskDependencyRequest'.
src/modules/task/infrastructure/api/taskApiClient.ts(344,55): error TS2552: Cannot find name 'DependencyChainClientDTO'. Did you mean 'TaskDependencyClientDTO'?
src/modules/task/infrastructure/api/taskApiClient.ts(371,14): error TS2552: Cannot find name 'UpdateTaskDependencyRequest'. Did you mean 'CreateTaskDependencyRequest'?
src/modules/task/presentation/components/cards/DraggableTaskCard.vue(50,24): error TS2740: Type 'TaskTemplateClientDTO' is missing the following properties from type 'TaskTemplate': _accountUuid, _title, _taskType, _timeConfig, and 59 more.
src/modules/task/presentation/components/cards/DraggableTaskCard.vue(50,64): error TS2322: Type '(templateUuid: string) => void' is not assignable to type '(template: TaskTemplate) => any'.
  Types of parameters 'templateUuid' and 'template' are incompatible.
    Type 'TaskTemplate' is not assignable to type 'string'.
src/modules/task/presentation/components/dependency/DependencyManager.vue(293,7): error TS2322: Type 'string' is not assignable to type 'DependencyType'.
src/modules/task/presentation/components/dialogs/TaskTemplateDialog.vue(104,10): error TS2724: '"@dailyuse/contracts/task"' has no exported member named 'TaskTimeType'. Did you mean 'TaskType'?
src/modules/task/presentation/components/index.ts(1,37): error TS2307: Cannot find module './TaskCard.vue' or its corresponding type declarations.
src/modules/task/presentation/components/index.ts(2,37): error TS2307: Cannot find module './TaskList.vue' or its corresponding type declarations.
src/modules/task/presentation/components/index.ts(3,37): error TS2307: Cannot find module './TaskForm.vue' or its corresponding type declarations.
src/modules/task/presentation/components/index.ts(4,42): error TS2307: Cannot find module './TaskDashboard.vue' or its corresponding type declarations.
src/modules/task/presentation/components/index.ts(5,39): error TS2307: Cannot find module './TaskDetail.vue' or its corresponding type declarations.
src/modules/task/presentation/components/index.ts(6,40): error TS2307: Cannot find module './SubtaskList.vue' or its corresponding type declarations.
src/modules/task/presentation/components/index.ts(7,45): error TS2307: Cannot find module './TaskBatchToolbar.vue' or its corresponding type declarations.
src/modules/task/presentation/components/index.ts(8,41): error TS2307: Cannot find module './TaskTimeline.vue' or its corresponding type declarations.
src/modules/task/presentation/components/one-time/SubtaskList.vue(67,36): error TS2367: This comparison appears to be unintentional because the types 'TaskTemplateStatus' and '"COMPLETED"' have no overlap.
src/modules/task/presentation/components/one-time/SubtaskList.vue(74,31): error TS2367: This comparison appears to be unintentional because the types 'TaskTemplateStatus' and '"COMPLETED"' have no overlap.
src/modules/task/presentation/components/one-time/SubtaskList.vue(75,65): error TS2345: Argument of type 'boolean | null' is not assignable to parameter of type 'boolean'.
  Type 'null' is not assignable to type 'boolean'.
src/modules/task/presentation/components/one-time/SubtaskList.vue(87,51): error TS2367: This comparison appears to be unintentional because the types 'TaskTemplateStatus' and '"COMPLETED"' have no overlap.
src/modules/task/presentation/components/one-time/SubtaskList.vue(107,35): error TS2339: Property 'priority' does not exist on type 'TaskTemplateClientDTO'.
src/modules/task/presentation/components/one-time/SubtaskList.vue(107,55): error TS2339: Property 'priority' does not exist on type 'TaskTemplateClientDTO'.
src/modules/task/presentation/components/one-time/SubtaskList.vue(120,40): error TS2345: Argument of type 'number' is not assignable to parameter of type 'string'.
src/modules/task/presentation/components/one-time/SubtaskList.vue(137,25): error TS2367: This comparison appears to be unintentional because the types 'TaskTemplateStatus' and '"PENDING"' have no overlap.
src/modules/task/presentation/components/one-time/SubtaskList.vue(266,38): error TS2367: This comparison appears to be unintentional because the types 'TaskTemplateStatus' and '"COMPLETED"' have no overlap.
src/modules/task/presentation/components/one-time/SubtaskList.vue(270,38): error TS2367: This comparison appears to be unintentional because the types 'TaskTemplateStatus' and '"IN_PROGRESS"' have no overlap.
src/modules/task/presentation/components/one-time/SubtaskList.vue(274,38): error TS2367: This comparison appears to be unintentional because the types 'TaskTemplateStatus' and '"PENDING"' have no overlap.
src/modules/task/presentation/components/one-time/SubtaskList.vue(278,38): error TS2367: This comparison appears to be unintentional because the types 'TaskTemplateStatus' and '"BLOCKED"' have no overlap.
src/modules/task/presentation/components/one-time/SubtaskList.vue(299,38): error TS2339: Property 'priority' does not exist on type 'TaskTemplateClientDTO'.
src/modules/task/presentation/components/one-time/SubtaskList.vue(299,58): error TS2339: Property 'priority' does not exist on type 'TaskTemplateClientDTO'.
src/modules/task/presentation/components/one-time/SubtaskList.vue(310,35): error TS7053: Element implicitly has an 'any' type because expression of type 'TaskTemplateStatus' can't be used to index type '{ PENDING: number; IN_PROGRESS: number; BLOCKED: number; COMPLETED: number; CANCELED: number; }'.
  Property '[TaskTemplateStatus.ACTIVE]' does not exist on type '{ PENDING: number; IN_PROGRESS: number; BLOCKED: number; COMPLETED: number; CANCELED: number; }'.
src/modules/task/presentation/components/one-time/SubtaskList.vue(310,59): error TS7053: Element implicitly has an 'any' type because expression of type 'TaskTemplateStatus' can't be used to index type '{ PENDING: number; IN_PROGRESS: number; BLOCKED: number; COMPLETED: number; CANCELED: number; }'.
  Property '[TaskTemplateStatus.ACTIVE]' does not exist on type '{ PENDING: number; IN_PROGRESS: number; BLOCKED: number; COMPLETED: number; CANCELED: number; }'.
src/modules/task/presentation/components/one-time/SubtaskList.vue(320,27): error TS2367: This comparison appears to be unintentional because the types 'TaskTemplateStatus' and '"COMPLETED"' have no overlap.
src/modules/task/presentation/components/one-time/TaskCard.vue(35,24): error TS2339: Property 'priority' does not exist on type 'TaskTemplateClientDTO'.
src/modules/task/presentation/components/one-time/TaskCard.vue(127,25): error TS2339: Property 'subtaskCount' does not exist on type 'TaskTemplateClientDTO'.
src/modules/task/presentation/components/one-time/TaskCard.vue(127,46): error TS2339: Property 'subtaskCount' does not exist on type 'TaskTemplateClientDTO'.
src/modules/task/presentation/components/one-time/TaskCard.vue(129,25): error TS2339: Property 'subtaskCount' does not exist on type 'TaskTemplateClientDTO'.
src/modules/task/presentation/components/one-time/TaskCard.vue(139,23): error TS2367: This comparison appears to be unintentional because the types 'TaskTemplateStatus' and '"PENDING"' have no overlap.
src/modules/task/presentation/components/one-time/TaskCard.vue(151,23): error TS2367: This comparison appears to be unintentional because the types 'TaskTemplateStatus' and '"IN_PROGRESS"' have no overlap.
src/modules/task/presentation/components/one-time/TaskCard.vue(171,23): error TS2367: This comparison appears to be unintentional because the types 'TaskTemplateStatus' and '"BLOCKED"' have no overlap.
src/modules/task/presentation/components/one-time/TaskCard.vue(283,36): error TS2367: This comparison appears to be unintentional because the types 'TaskTemplateStatus' and '"COMPLETED"' have no overlap.
src/modules/task/presentation/components/one-time/TaskCard.vue(284,35): error TS2367: This comparison appears to be unintentional because the types 'TaskTemplateStatus' and '"CANCELED"' have no overlap.
src/modules/task/presentation/components/one-time/TaskCard.vue(289,50): error TS2339: Property 'priority' does not exist on type 'TaskTemplateClientDTO'.
src/modules/task/presentation/components/one-time/TaskCard.vue(289,73): error TS2339: Property 'priority' does not exist on type 'TaskTemplateClientDTO'.
src/modules/task/presentation/components/one-time/TaskCard.vue(316,31): error TS2339: Property 'priority' does not exist on type 'TaskTemplateClientDTO'.
src/modules/task/presentation/components/one-time/TaskCard.vue(324,31): error TS2339: Property 'priority' does not exist on type 'TaskTemplateClientDTO'.
src/modules/task/presentation/components/one-time/TaskCard.vue(332,31): error TS2339: Property 'priority' does not exist on type 'TaskTemplateClientDTO'.
src/modules/task/presentation/components/one-time/TaskDetail.vue(67,50): error TS2367: This comparison appears to be unintentional because the types 'TaskTemplateStatus' and '"COMPLETED"' have no overlap.
src/modules/task/presentation/components/one-time/TaskDetail.vue(71,37): error TS2367: This comparison appears to be unintentional because the types 'TaskTemplateStatus' and '"COMPLETED"' have no overlap.
src/modules/task/presentation/components/one-time/TaskDetail.vue(73,72): error TS2345: Argument of type 'boolean | null' is not assignable to parameter of type 'boolean'.
  Type 'null' is not assignable to type 'boolean'.
src/modules/task/presentation/components/one-time/TaskDetail.vue(79,80): error TS2367: This comparison appears to be unintentional because the types 'TaskTemplateStatus' and '"COMPLETED"' have no overlap.
src/modules/task/presentation/components/one-time/TaskDetail.vue(85,37): error TS2339: Property 'priority' does not exist on type 'TaskTemplateClientDTO'.
src/modules/task/presentation/components/one-time/TaskDetail.vue(85,57): error TS2339: Property 'priority' does not exist on type 'TaskTemplateClientDTO'.
src/modules/task/presentation/components/one-time/TaskDetail.vue(153,29): error TS2551: Property 'notes' does not exist on type 'TaskTemplateClientDTO'. Did you mean 'note'?
src/modules/task/presentation/components/one-time/TaskDetail.vue(159,38): error TS2551: Property 'notes' does not exist on type 'TaskTemplateClientDTO'. Did you mean 'note'?
src/modules/task/presentation/components/one-time/TaskDetail.vue(175,32): error TS2339: Property 'priority' does not exist on type 'TaskTemplateClientDTO'.
src/modules/task/presentation/components/one-time/TaskDetail.vue(176,51): error TS2339: Property 'priority' does not exist on type 'TaskTemplateClientDTO'.
src/modules/task/presentation/components/one-time/TaskDetail.vue(179,72): error TS2339: Property 'priority' does not exist on type 'TaskTemplateClientDTO'.
src/modules/task/presentation/components/one-time/TaskDetail.vue(180,45): error TS2339: Property 'priority' does not exist on type 'TaskTemplateClientDTO'.
src/modules/task/presentation/components/one-time/TaskDetail.vue(194,35): error TS2345: Argument of type 'number' is not assignable to parameter of type 'string'.
src/modules/task/presentation/components/one-time/TaskDetail.vue(267,39): error TS2345: Argument of type 'number' is not assignable to parameter of type 'string'.
src/modules/task/presentation/components/one-time/TaskDetail.vue(280,39): error TS2345: Argument of type 'number' is not assignable to parameter of type 'string'.
src/modules/task/presentation/components/one-time/TaskDetail.vue(285,33): error TS2367: This comparison appears to be unintentional because the types 'TaskTemplateStatus' and '"BLOCKED"' have no overlap.
src/modules/task/presentation/components/one-time/TaskDetail.vue(293,31): error TS2551: Property 'blockReason' does not exist on type 'TaskTemplateClientDTO'. Did you mean 'blockingReason'?
src/modules/task/presentation/components/one-time/TaskDetail.vue(308,17): error TS2367: This comparison appears to be unintentional because the types 'TaskTemplateStatus' and '"PENDING"' have no overlap.
src/modules/task/presentation/components/one-time/TaskDetail.vue(317,17): error TS2367: This comparison appears to be unintentional because the types 'TaskTemplateStatus' and '"IN_PROGRESS"' have no overlap.
src/modules/task/presentation/components/one-time/TaskDetail.vue(326,17): error TS2367: This comparison appears to be unintentional because the types 'TaskTemplateStatus' and '"IN_PROGRESS"' have no overlap.
src/modules/task/presentation/components/one-time/TaskDetail.vue(335,17): error TS2367: This comparison appears to be unintentional because the types 'TaskTemplateStatus' and '"BLOCKED"' have no overlap.
src/modules/task/presentation/components/one-time/TaskDetail.vue(457,31): error TS2367: This comparison appears to be unintentional because the types 'TaskTemplateStatus' and '"COMPLETED"' have no overlap.
src/modules/task/presentation/components/one-time/TaskDetail.vue(462,38): error TS2367: This comparison appears to be unintentional because the types 'TaskTemplateStatus' and '"COMPLETED"' have no overlap.
src/modules/task/presentation/components/one-time/TaskForm.vue(101,44): error TS2339: Property 'subtaskCount' does not exist on type 'TaskTemplateClientDTO'.
src/modules/task/presentation/components/one-time/TaskForm.vue(101,65): error TS2339: Property 'subtaskCount' does not exist on type 'TaskTemplateClientDTO'.
src/modules/task/presentation/components/one-time/TaskForm.vue(211,36): error TS2367: This comparison appears to be unintentional because the types 'TaskTemplateStatus | undefined' and '"BLOCKED"' have no overlap.
src/modules/task/presentation/components/one-time/TaskForm.vue(360,22): error TS2339: Property 'priority' does not exist on type 'TaskTemplateClientDTO'.
src/modules/task/presentation/components/one-time/TaskForm.vue(363,22): error TS2339: Property 'isParent' does not exist on type 'TaskTemplateClientDTO'.
src/modules/task/presentation/components/one-time/TaskList.vue(280,61): error TS2367: This comparison appears to be unintentional because the types 'TaskTemplateStatus' and '"COMPLETED"' have no overlap.
src/modules/task/presentation/components/one-time/TaskList.vue(290,29): error TS2345: Argument of type 'number' is not assignable to parameter of type 'string'.
src/modules/task/presentation/components/one-time/TaskList.vue(292,30): error TS2339: Property 'priority' does not exist on type 'TaskTemplateClientDTO'.
src/modules/task/presentation/components/one-time/TaskList.vue(293,66): error TS2339: Property 'priority' does not exist on type 'TaskTemplateClientDTO'.
src/modules/task/presentation/components/one-time/TaskList.vue(294,41): error TS2339: Property 'priority' does not exist on type 'TaskTemplateClientDTO'.
src/modules/task/presentation/components/one-time/TaskList.vue(296,27): error TS2339: Property 'priority' does not exist on type 'TaskTemplateClientDTO'.
src/modules/task/presentation/components/one-time/TaskList.vue(308,21): error TS2367: This comparison appears to be unintentional because the types 'TaskTemplateStatus' and '"PENDING"' have no overlap.
src/modules/task/presentation/components/one-time/TaskList.vue(316,21): error TS2367: This comparison appears to be unintentional because the types 'TaskTemplateStatus' and '"IN_PROGRESS"' have no overlap.
src/modules/task/presentation/components/one-time/TaskList.vue(467,12): error TS2339: Property 'priority' does not exist on type 'TaskTemplateClientDTO'.
src/modules/task/presentation/components/one-time/TaskList.vue(467,61): error TS2339: Property 'priority' does not exist on type 'TaskTemplateClientDTO'.
src/modules/task/presentation/components/one-time/TaskList.vue(495,19): error TS2339: Property 'priority' does not exist on type 'TaskTemplateClientDTO'.
src/modules/task/presentation/components/one-time/TaskList.vue(495,39): error TS2339: Property 'priority' does not exist on type 'TaskTemplateClientDTO'.
src/modules/task/presentation/components/one-time/TaskList.vue(536,24): error TS2367: This comparison appears to be unintentional because the types 'TaskTemplateStatus' and '"COMPLETED"' have no overlap.
src/modules/task/presentation/components/one-time/TaskList.vue(541,10): error TS2367: This comparison appears to be unintentional because the types 'TaskTemplateStatus' and '"PENDING"' have no overlap.
src/modules/task/presentation/components/one-time/TaskList.vue(545,10): error TS2367: This comparison appears to be unintentional because the types 'TaskTemplateStatus' and '"IN_PROGRESS"' have no overlap.
src/modules/task/presentation/components/TaskDependencyGraph.vue(135,61): error TS2345: Argument of type 'TaskTemplateClientDTO[]' is not assignable to parameter of type 'TaskForDAG[]'.
  Type 'TaskTemplateClientDTO' is not assignable to type 'TaskForDAG'.
    Types of property 'estimatedMinutes' are incompatible.
      Type 'number | null | undefined' is not assignable to type 'number | undefined'.
        Type 'null' is not assignable to type 'number | undefined'.
src/modules/task/presentation/components/TaskDependencyGraph.vue(146,61): error TS2345: Argument of type 'TaskTemplateClientDTO[]' is not assignable to parameter of type 'TaskForDAG[]'.
  Type 'TaskTemplateClientDTO' is not assignable to type 'TaskForDAG'.
    Types of property 'estimatedMinutes' are incompatible.
      Type 'number | null | undefined' is not assignable to type 'number | undefined'.
        Type 'null' is not assignable to type 'number | undefined'.
src/modules/task/presentation/components/TaskDependencyGraph.vue(163,69): error TS2345: Argument of type 'TaskTemplateClientDTO[]' is not assignable to parameter of type 'TaskForDAG[]'.
  Type 'TaskTemplateClientDTO' is not assignable to type 'TaskForDAG'.
    Types of property 'estimatedMinutes' are incompatible.
      Type 'number | null | undefined' is not assignable to type 'number | undefined'.
        Type 'null' is not assignable to type 'number | undefined'.
src/modules/task/presentation/components/TaskDependencyGraph.vue(184,7): error TS2322: Type '{ type: "graph"; layout: "force" | "circular"; data: GraphNode[]; links: GraphEdge[]; categories: { name: string; itemStyle?: { color: string; } | undefined; }[]; roam: true; ... 4 more ...; edgeSymbolSize: number[]; }[]' is not assignable to type 'SeriesOption$1 | SeriesOption$1[] | undefined'.
  Type '{ type: "graph"; layout: "force" | "circular"; data: GraphNode[]; links: GraphEdge[]; categories: { name: string; itemStyle?: { color: string; } | undefined; }[]; roam: true; ... 4 more ...; edgeSymbolSize: number[]; }[]' is not assignable to type 'MapSeriesOption$1 | LineSeriesOption$1 | LinesSeriesOption$1 | CustomSeriesOption$1 | ... 18 more ... | SeriesOption$1[]'.
    Type '{ type: "graph"; layout: "force" | "circular"; data: GraphNode[]; links: GraphEdge[]; categories: { name: string; itemStyle?: { color: string; }; }[]; roam: true; label: { show: true; position: "right"; }; lineStyle: { ...; }; force: { ...; } | undefined; edgeSymbol: string[]; edgeSymbolSize: number[]; }' is not assignable to type 'SeriesOption$1'.
      Types of property 'links' are incompatible.
        Type 'GraphEdge[]' is not assignable to type 'GraphEdgeItemOption[]'.
          Type 'GraphEdge' is not assignable to type 'GraphEdgeItemOption'.
            Types of property 'value' are incompatible.
              Type 'string' is not assignable to type 'number'.
src/modules/task/presentation/components/TaskTemplateForm/sections/TimeConfigSection.vue(223,7): error TS2353: Object literal may only specify known properties, and 'endDate' does not exist in type 'TaskTimeConfigClientDTO'.
src/modules/task/presentation/components/TaskTemplateForm/TaskTemplateForm.vue(16,10): error TS2322: Type 'TaskTemplate | null' is not assignable to type 'TaskTemplate'.
  Type 'null' is not assignable to type 'TaskTemplate'.
src/modules/task/presentation/components/TaskTemplateForm/TaskTemplateForm.vue(22,10): error TS2322: Type 'TaskTemplate | null' is not assignable to type 'TaskTemplate'.
  Type 'null' is not assignable to type 'TaskTemplate'.
src/modules/task/presentation/components/TaskTemplateForm/TaskTemplateForm.vue(28,10): error TS2322: Type 'TaskTemplate | null' is not assignable to type 'TaskTemplate'.
  Type 'null' is not assignable to type 'TaskTemplate'.
src/modules/task/presentation/components/TaskTemplateForm/TaskTemplateForm.vue(34,10): error TS2322: Type 'TaskTemplate | null' is not assignable to type 'TaskTemplate'.
  Type 'null' is not assignable to type 'TaskTemplate'.
src/modules/task/presentation/components/TaskTemplateForm/TaskTemplateForm.vue(42,10): error TS2322: Type 'TaskTemplate | null' is not assignable to type 'TaskTemplate'.
  Type 'null' is not assignable to type 'TaskTemplate'.
src/modules/task/presentation/components/TaskTemplateForm/TaskTemplateForm.vue(47,10): error TS2322: Type 'TaskTemplate | null' is not assignable to type 'TaskTemplate'.
  Type 'null' is not assignable to type 'TaskTemplate'.
src/modules/task/presentation/components/TaskTemplateForm/widgets/ReminderSnoozeSettings.vue(49,52): error TS2339: Property 'snooze' does not exist on type 'TaskReminderConfig | null | undefined'.
src/modules/task/presentation/widgets/TodayTasksWidget.vue(56,22): error TS2339: Property 'scheduledTime' does not exist on type 'TaskInstance'.
src/modules/task/presentation/widgets/TodayTasksWidget.vue(57,48): error TS2339: Property 'scheduledTime' does not exist on type 'TaskInstance'.
src/modules/task/presentation/widgets/TodayTasksWidget.vue(62,22): error TS2339: Property 'dueDate' does not exist on type 'TaskInstance'.
src/modules/task/presentation/widgets/TodayTasksWidget.vue(63,47): error TS2339: Property 'dueDate' does not exist on type 'TaskInstance'.
src/modules/task/presentation/widgets/TodayTasksWidget.vue(73,47): error TS2339: Property 'priority' does not exist on type 'TaskInstance'.
src/modules/task/presentation/widgets/TodayTasksWidget.vue(74,47): error TS2339: Property 'priority' does not exist on type 'TaskInstance'.
src/modules/task/presentation/widgets/TodayTasksWidget.vue(78,29): error TS2339: Property 'scheduledTime' does not exist on type 'TaskInstance'.
src/modules/task/presentation/widgets/TodayTasksWidget.vue(78,48): error TS2339: Property 'dueDate' does not exist on type 'TaskInstance'.
src/modules/task/presentation/widgets/TodayTasksWidget.vue(79,29): error TS2339: Property 'scheduledTime' does not exist on type 'TaskInstance'.
src/modules/task/presentation/widgets/TodayTasksWidget.vue(79,48): error TS2339: Property 'dueDate' does not exist on type 'TaskInstance'.
src/modules/task/presentation/widgets/TodayTasksWidget.vue(91,66): error TS2339: Property 'priority' does not exist on type 'TaskInstance'.
src/modules/task/presentation/widgets/TodayTasksWidget.vue(92,68): error TS2339: Property 'priority' does not exist on type 'TaskInstance'.
src/modules/task/presentation/widgets/TodayTasksWidget.vue(93,65): error TS2339: Property 'priority' does not exist on type 'TaskInstance'.
../../packages/contracts/src/modules/goal/rules/StatusRule.ts(6,33): error TS6059: File 'D:/myPrograms/DailyUse/packages/contracts/src/modules/goal/enums.ts' is not under 'rootDir' 'D:/myPrograms/DailyUse/apps/web/src'. 'rootDir' is expected to contain all source files.
  The file is in the program because:
    Imported via '../enums' from file 'D:/myPrograms/DailyUse/packages/contracts/src/modules/goal/rules/StatusRule.ts'
    Imported via '../../../../../../../packages/contracts/src/modules/goal/enums' from file 'D:/myPrograms/DailyUse/apps/web/src/modules/goal/application/services/StatusRuleEngine.ts'
    Imported via '../../../../../../../packages/contracts/src/modules/goal/enums' from file 'D:/myPrograms/DailyUse/apps/web/src/modules/goal/application/composables/useAutoStatusRules.ts'
    Imported via '../../../../../../../../packages/contracts/src/modules/goal/enums' from file 'D:/myPrograms/DailyUse/apps/web/src/modules/goal/presentation/components/rules/StatusRuleEditor.vue'
    Imported via '../../../../../../../packages/contracts/src/modules/goal/enums' from file 'D:/myPrograms/DailyUse/apps/web/src/modules/goal/presentation/views/StatusRulesDemoView.vue'
